<html>
<body>
<pre>
<h1>µVision Build Log</h1>
<h2>Tool Versions:</h2>
IDE-Version: µVision V5.37.0.0
Copyright (C) 2022 ARM Ltd and ARM Germany GmbH. All rights reserved.
License Information: Kerolos Mekhael, None, LIC=----
 
Tool Versions:
Toolchain:       MDK-Lite  Version: 5.37.0.0
Toolchain Path:  C:\Keil_v5\ARM\ARMCLANG\Bin
C Compiler:      ArmClang.exe V6.18
Assembler:       Armasm.exe V6.18
Linker/Locator:  ArmLink.exe V6.18
Library Manager: ArmAr.exe V6.18
Hex Converter:   FromElf.exe V6.18
CPU DLL:         SARMCM3.DLL V5.37.0.0
Dialog DLL:      DCM.DLL V1.17.5.0
Target DLL:      UL2CM3.DLL V1.164.7.0
Dialog DLL:      TCM.DLL V1.56.1.0
 
<h2>Project:</h2>
E:\FWD-Advanced Embedded Systems\Workspace\ARM_MC32\COTS\APP\LED_Blink\LED_Blinking.uvprojx
Project File Date:  09/22/2022

<h2>Output:</h2>
*** Using Compiler 'V6.18', folder: 'C:\Keil_v5\ARM\ARMCLANG\Bin'
Rebuild target 'Target 1'
../../MCAL/Interrupt/INTCTRL_Program.c(11): warning: In file included from...
../../MCAL/Interrupt/INTCTRL_Interface.h(17): warning: In file included from...
../../MCAL/Interrupt/INTCTRL_Config.h(98): warning: no newline at end of file [-Wnewline-eof]
***************************************************************************/
                                                                            ^
../../MCAL/Interrupt/INTCTRL_Program.c(11): warning: In file included from...
../../MCAL/Interrupt/INTCTRL_Interface.h(18): warning: In file included from...
../../MCAL/Interrupt/INTCTRL_Private.h(92): warning: no newline at end of file [-Wnewline-eof]
***************************************************************************/
                                                                            ^
../../MCAL/Interrupt/INTCTRL_Program.c(11): warning: In file included from...
../../MCAL/Interrupt/INTCTRL_Interface.h(19): warning: In file included from...
../../MCAL/Interrupt/../../LIB/STD_TYPES.h(32): warning: no newline at end of file [-Wnewline-eof]
***************************************************************************/
                                                                            ^
../../MCAL/Interrupt/INTCTRL_Program.c(11): warning: In file included from...
../../MCAL/Interrupt/INTCTRL_Interface.h(30): warning: no newline at end of file [-Wnewline-eof]
***************************************************************************/
                                                                            ^
../../MCAL/Interrupt/INTCTRL_Program.c(328): warning: no newline at end of file [-Wnewline-eof]
}
 ^
5 warnings generated.
compiling INTCTRL_Program.c...
main.c(11): warning: In file included from...
./LED_Blinking_Interface.h(17): warning: In file included from...
./LED_Blinking_Config.h(31): warning: no newline at end of file [-Wnewline-eof]
***************************************************************************/
                                                                            ^
main.c(11): warning: In file included from...
./LED_Blinking_Interface.h(18): warning: In file included from...
./../../MCAL/GPIO/GPIO_Interface.h(16): warning: In file included from...
./../../MCAL/GPIO/GPIO_Private.h(166): warning: no newline at end of file [-Wnewline-eof]
***************************************************************************/
                                                                            ^
main.c(11): warning: In file included from...
./LED_Blinking_Interface.h(18): warning: In file included from...
./../../MCAL/GPIO/GPIO_Interface.h(17): warning: In file included from...
./../../MCAL/GPIO/../../LIB/STD_TYPES.h(32): warning: no newline at end of file [-Wnewline-eof]
***************************************************************************/
                                                                            ^
main.c(11): warning: In file included from...
./LED_Blinking_Interface.h(18): warning: In file included from...
./../../MCAL/GPIO/GPIO_Interface.h(166): warning: no newline at end of file [-Wnewline-eof]
***************************************************************************/
                                                                            ^
main.c(11): warning: In file included from...
./LED_Blinking_Interface.h(19): warning: In file included from...
./../../MCAL/SYSTICK/SYSTICK_Interface.h(17): warning: In file included from...
./../../MCAL/SYSTICK/SYSTICK_Private.h(36): warning: no newline at end of file [-Wnewline-eof]
***************************************************************************/
                                                                            ^
main.c(11): warning: In file included from...
./LED_Blinking_Interface.h(19): warning: In file included from...
./../../MCAL/SYSTICK/SYSTICK_Interface.h(39): warning: no newline at end of file [-Wnewline-eof]
***************************************************************************/
                                                                            ^
main.c(11): warning: In file included from...
./LED_Blinking_Interface.h(37): warning: no newline at end of file [-Wnewline-eof]
***************************************************************************/
                                                                            ^
7 warnings generated.
compiling main.c...
../../MCAL/SYSTICK/SYSTICK_Program.c(11): warning: In file included from...
../../MCAL/SYSTICK/SYSTICK_Interface.h(17): warning: In file included from...
../../MCAL/SYSTICK/SYSTICK_Private.h(36): warning: no newline at end of file [-Wnewline-eof]
***************************************************************************/
                                                                            ^
../../MCAL/SYSTICK/SYSTICK_Program.c(11): warning: In file included from...
../../MCAL/SYSTICK/SYSTICK_Interface.h(18): warning: In file included from...
../../MCAL/SYSTICK/../../LIB/STD_TYPES.h(32): warning: no newline at end of file [-Wnewline-eof]
***************************************************************************/
                                                                            ^
../../MCAL/SYSTICK/SYSTICK_Program.c(11): warning: In file included from...
../../MCAL/SYSTICK/SYSTICK_Interface.h(39): warning: no newline at end of file [-Wnewline-eof]
***************************************************************************/
                                                                            ^
../../MCAL/SYSTICK/SYSTICK_Program.c(69): warning: no newline at end of file [-Wnewline-eof]
}
 ^
4 warnings generated.
compiling SYSTICK_Program.c...
assembling startup_TM4C123.s...
LED_Blinking_Program.c(11): warning: In file included from...
./LED_Blinking_Interface.h(17): warning: In file included from...
./LED_Blinking_Config.h(31): warning: no newline at end of file [-Wnewline-eof]
***************************************************************************/
                                                                            ^
LED_Blinking_Program.c(11): warning: In file included from...
./LED_Blinking_Interface.h(18): warning: In file included from...
./../../MCAL/GPIO/GPIO_Interface.h(16): warning: In file included from...
./../../MCAL/GPIO/GPIO_Private.h(166): warning: no newline at end of file [-Wnewline-eof]
***************************************************************************/
                                                                            ^
LED_Blinking_Program.c(11): warning: In file included from...
./LED_Blinking_Interface.h(18): warning: In file included from...
./../../MCAL/GPIO/GPIO_Interface.h(17): warning: In file included from...
./../../MCAL/GPIO/../../LIB/STD_TYPES.h(32): warning: no newline at end of file [-Wnewline-eof]
***************************************************************************/
                                                                            ^
LED_Blinking_Program.c(11): warning: In file included from...
./LED_Blinking_Interface.h(18): warning: In file included from...
./../../MCAL/GPIO/GPIO_Interface.h(166): warning: no newline at end of file [-Wnewline-eof]
***************************************************************************/
                                                                            ^
LED_Blinking_Program.c(11): warning: In file included from...
./LED_Blinking_Interface.h(19): warning: In file included from...
./../../MCAL/SYSTICK/SYSTICK_Interface.h(17): warning: In file included from...
./../../MCAL/SYSTICK/SYSTICK_Private.h(36): warning: no newline at end of file [-Wnewline-eof]
***************************************************************************/
                                                                            ^
LED_Blinking_Program.c(11): warning: In file included from...
./LED_Blinking_Interface.h(19): warning: In file included from...
./../../MCAL/SYSTICK/SYSTICK_Interface.h(39): warning: no newline at end of file [-Wnewline-eof]
***************************************************************************/
                                                                            ^
LED_Blinking_Program.c(11): warning: In file included from...
./LED_Blinking_Interface.h(37): warning: no newline at end of file [-Wnewline-eof]
***************************************************************************/
                                                                            ^
7 warnings generated.
compiling LED_Blinking_Program.c...
../../MCAL/GPIO/GPIO_Program.c(10): warning: In file included from...
../../MCAL/GPIO/GPIO_Interface.h(16): warning: In file included from...
../../MCAL/GPIO/GPIO_Private.h(166): warning: no newline at end of file [-Wnewline-eof]
***************************************************************************/
                                                                            ^
../../MCAL/GPIO/GPIO_Program.c(10): warning: In file included from...
../../MCAL/GPIO/GPIO_Interface.h(17): warning: In file included from...
../../MCAL/GPIO/../../LIB/STD_TYPES.h(32): warning: no newline at end of file [-Wnewline-eof]
***************************************************************************/
                                                                            ^
../../MCAL/GPIO/GPIO_Program.c(10): warning: In file included from...
../../MCAL/GPIO/GPIO_Interface.h(166): warning: no newline at end of file [-Wnewline-eof]
***************************************************************************/
                                                                            ^
../../MCAL/GPIO/GPIO_Program.c(463): warning: no newline at end of file [-Wnewline-eof]
}
 ^
4 warnings generated.
compiling GPIO_Program.c...
RTE/Device/TM4C123GH6PM/system_TM4C123.c(13): warning: In file included from...
C:/Users/kerol/AppData/Local/Arm/Packs/Keil/TM4C_DFP/1.1.0/Device/Include/TM4C123\TM4C123.h(98): warning: In file included from...
C:/Users/kerol/AppData/Local/Arm/Packs/Keil/TM4C_DFP/1.1.0/Device/Include/TM4C123/TM4C123GH6PM.h(298): warning: anonymous unions are a C11 extension [-Wc11-extensions]
  union {
  ^
C:/Users/kerol/AppData/Local/Arm/Packs/Keil/TM4C_DFP/1.1.0/Device/Include/TM4C123/TM4C123GH6PM.h(338): warning: anonymous unions are a C11 extension [-Wc11-extensions]
  union {
  ^
C:/Users/kerol/AppData/Local/Arm/Packs/Keil/TM4C_DFP/1.1.0/Device/Include/TM4C123/TM4C123GH6PM.h(357): warning: anonymous unions are a C11 extension [-Wc11-extensions]
  union {
  ^
C:/Users/kerol/AppData/Local/Arm/Packs/Keil/TM4C_DFP/1.1.0/Device/Include/TM4C123/TM4C123GH6PM.h(713): warning: anonymous unions are a C11 extension [-Wc11-extensions]
  union {
  ^
C:/Users/kerol/AppData/Local/Arm/Packs/Keil/TM4C_DFP/1.1.0/Device/Include/TM4C123/TM4C123GH6PM.h(729): warning: anonymous unions are a C11 extension [-Wc11-extensions]
  union {
  ^
C:/Users/kerol/AppData/Local/Arm/Packs/Keil/TM4C_DFP/1.1.0/Device/Include/TM4C123/TM4C123GH6PM.h(774): warning: anonymous unions are a C11 extension [-Wc11-extensions]
  union {
  ^
C:/Users/kerol/AppData/Local/Arm/Packs/Keil/TM4C_DFP/1.1.0/Device/Include/TM4C123/TM4C123GH6PM.h(779): warning: anonymous unions are a C11 extension [-Wc11-extensions]
  union {
  ^
C:/Users/kerol/AppData/Local/Arm/Packs/Keil/TM4C_DFP/1.1.0/Device/Include/TM4C123/TM4C123GH6PM.h(872): warning: anonymous unions are a C11 extension [-Wc11-extensions]
  union {
  ^
C:/Users/kerol/AppData/Local/Arm/Packs/Keil/TM4C_DFP/1.1.0/Device/Include/TM4C123/TM4C123GH6PM.h(885): warning: anonymous unions are a C11 extension [-Wc11-extensions]
  union {
  ^
C:/Users/kerol/AppData/Local/Arm/Packs/Keil/TM4C_DFP/1.1.0/Device/Include/TM4C123/TM4C123GH6PM.h(892): warning: anonymous unions are a C11 extension [-Wc11-extensions]
  union {
  ^
C:/Users/kerol/AppData/Local/Arm/Packs/Keil/TM4C_DFP/1.1.0/Device/Include/TM4C123/TM4C123GH6PM.h(897): warning: anonymous unions are a C11 extension [-Wc11-extensions]
  union {
  ^
C:/Users/kerol/AppData/Local/Arm/Packs/Keil/TM4C_DFP/1.1.0/Device/Include/TM4C123/TM4C123GH6PM.h(904): warning: anonymous unions are a C11 extension [-Wc11-extensions]
  union {
  ^
C:/Users/kerol/AppData/Local/Arm/Packs/Keil/TM4C_DFP/1.1.0/Device/Include/TM4C123/TM4C123GH6PM.h(910): warning: anonymous unions are a C11 extension [-Wc11-extensions]
  union {
  ^
C:/Users/kerol/AppData/Local/Arm/Packs/Keil/TM4C_DFP/1.1.0/Device/Include/TM4C123/TM4C123GH6PM.h(917): warning: anonymous unions are a C11 extension [-Wc11-extensions]
  union {
  ^
C:/Users/kerol/AppData/Local/Arm/Packs/Keil/TM4C_DFP/1.1.0/Device/Include/TM4C123/TM4C123GH6PM.h(924): warning: anonymous unions are a C11 extension [-Wc11-extensions]
  union {
  ^
C:/Users/kerol/AppData/Local/Arm/Packs/Keil/TM4C_DFP/1.1.0/Device/Include/TM4C123/TM4C123GH6PM.h(929): warning: anonymous unions are a C11 extension [-Wc11-extensions]
  union {
  ^
C:/Users/kerol/AppData/Local/Arm/Packs/Keil/TM4C_DFP/1.1.0/Device/Include/TM4C123/TM4C123GH6PM.h(936): warning: anonymous unions are a C11 extension [-Wc11-extensions]
  union {
  ^
C:/Users/kerol/AppData/Local/Arm/Packs/Keil/TM4C_DFP/1.1.0/Device/Include/TM4C123/TM4C123GH6PM.h(942): warning: anonymous unions are a C11 extension [-Wc11-extensions]
  union {
  ^
C:/Users/kerol/AppData/Local/Arm/Packs/Keil/TM4C_DFP/1.1.0/Device/Include/TM4C123/TM4C123GH6PM.h(949): warning: anonymous unions are a C11 extension [-Wc11-extensions]
  union {
  ^
C:/Users/kerol/AppData/Local/Arm/Packs/Keil/TM4C_DFP/1.1.0/Device/Include/TM4C123/TM4C123GH6PM.h(956): warning: anonymous unions are a C11 extension [-Wc11-extensions]
  union {
  ^
C:/Users/kerol/AppData/Local/Arm/Packs/Keil/TM4C_DFP/1.1.0/Device/Include/TM4C123/TM4C123GH6PM.h(961): warning: anonymous unions are a C11 extension [-Wc11-extensions]
  union {
  ^
C:/Users/kerol/AppData/Local/Arm/Packs/Keil/TM4C_DFP/1.1.0/Device/Include/TM4C123/TM4C123GH6PM.h(968): warning: anonymous unions are a C11 extension [-Wc11-extensions]
  union {
  ^
C:/Users/kerol/AppData/Local/Arm/Packs/Keil/TM4C_DFP/1.1.0/Device/Include/TM4C123/TM4C123GH6PM.h(974): warning: anonymous unions are a C11 extension [-Wc11-extensions]
  union {
  ^
C:/Users/kerol/AppData/Local/Arm/Packs/Keil/TM4C_DFP/1.1.0/Device/Include/TM4C123/TM4C123GH6PM.h(981): warning: anonymous unions are a C11 extension [-Wc11-extensions]
  union {
  ^
C:/Users/kerol/AppData/Local/Arm/Packs/Keil/TM4C_DFP/1.1.0/Device/Include/TM4C123/TM4C123GH6PM.h(988): warning: anonymous unions are a C11 extension [-Wc11-extensions]
  union {
  ^
C:/Users/kerol/AppData/Local/Arm/Packs/Keil/TM4C_DFP/1.1.0/Device/Include/TM4C123/TM4C123GH6PM.h(993): warning: anonymous unions are a C11 extension [-Wc11-extensions]
  union {
  ^
C:/Users/kerol/AppData/Local/Arm/Packs/Keil/TM4C_DFP/1.1.0/Device/Include/TM4C123/TM4C123GH6PM.h(1000): warning: anonymous unions are a C11 extension [-Wc11-extensions]
  union {
  ^
C:/Users/kerol/AppData/Local/Arm/Packs/Keil/TM4C_DFP/1.1.0/Device/Include/TM4C123/TM4C123GH6PM.h(1006): warning: anonymous unions are a C11 extension [-Wc11-extensions]
  union {
  ^
C:/Users/kerol/AppData/Local/Arm/Packs/Keil/TM4C_DFP/1.1.0/Device/Include/TM4C123/TM4C123GH6PM.h(1013): warning: anonymous unions are a C11 extension [-Wc11-extensions]
  union {
  ^
C:/Users/kerol/AppData/Local/Arm/Packs/Keil/TM4C_DFP/1.1.0/Device/Include/TM4C123/TM4C123GH6PM.h(1020): warning: anonymous unions are a C11 extension [-Wc11-extensions]
  union {
  ^
C:/Users/kerol/AppData/Local/Arm/Packs/Keil/TM4C_DFP/1.1.0/Device/Include/TM4C123/TM4C123GH6PM.h(1025): warning: anonymous unions are a C11 extension [-Wc11-extensions]
  union {
  ^
C:/Users/kerol/AppData/Local/Arm/Packs/Keil/TM4C_DFP/1.1.0/Device/Include/TM4C123/TM4C123GH6PM.h(1032): warning: anonymous unions are a C11 extension [-Wc11-extensions]
  union {
  ^
C:/Users/kerol/AppData/Local/Arm/Packs/Keil/TM4C_DFP/1.1.0/Device/Include/TM4C123/TM4C123GH6PM.h(1038): warning: anonymous unions are a C11 extension [-Wc11-extensions]
  union {
  ^
C:/Users/kerol/AppData/Local/Arm/Packs/Keil/TM4C_DFP/1.1.0/Device/Include/TM4C123/TM4C123GH6PM.h(1045): warning: anonymous unions are a C11 extension [-Wc11-extensions]
  union {
  ^
C:/Users/kerol/AppData/Local/Arm/Packs/Keil/TM4C_DFP/1.1.0/Device/Include/TM4C123/TM4C123GH6PM.h(1052): warning: anonymous unions are a C11 extension [-Wc11-extensions]
  union {
  ^
C:/Users/kerol/AppData/Local/Arm/Packs/Keil/TM4C_DFP/1.1.0/Device/Include/TM4C123/TM4C123GH6PM.h(1057): warning: anonymous unions are a C11 extension [-Wc11-extensions]
  union {
  ^
C:/Users/kerol/AppData/Local/Arm/Packs/Keil/TM4C_DFP/1.1.0/Device/Include/TM4C123/TM4C123GH6PM.h(1064): warning: anonymous unions are a C11 extension [-Wc11-extensions]
  union {
  ^
C:/Users/kerol/AppData/Local/Arm/Packs/Keil/TM4C_DFP/1.1.0/Device/Include/TM4C123/TM4C123GH6PM.h(1070): warning: anonymous unions are a C11 extension [-Wc11-extensions]
  union {
  ^
C:/Users/kerol/AppData/Local/Arm/Packs/Keil/TM4C_DFP/1.1.0/Device/Include/TM4C123/TM4C123GH6PM.h(1077): warning: anonymous unions are a C11 extension [-Wc11-extensions]
  union {
  ^
C:/Users/kerol/AppData/Local/Arm/Packs/Keil/TM4C_DFP/1.1.0/Device/Include/TM4C123/TM4C123GH6PM.h(1084): warning: anonymous unions are a C11 extension [-Wc11-extensions]
  union {
  ^
C:/Users/kerol/AppData/Local/Arm/Packs/Keil/TM4C_DFP/1.1.0/Device/Include/TM4C123/TM4C123GH6PM.h(1089): warning: anonymous unions are a C11 extension [-Wc11-extensions]
  union {
  ^
C:/Users/kerol/AppData/Local/Arm/Packs/Keil/TM4C_DFP/1.1.0/Device/Include/TM4C123/TM4C123GH6PM.h(1096): warning: anonymous unions are a C11 extension [-Wc11-extensions]
  union {
  ^
C:/Users/kerol/AppData/Local/Arm/Packs/Keil/TM4C_DFP/1.1.0/Device/Include/TM4C123/TM4C123GH6PM.h(1102): warning: anonymous unions are a C11 extension [-Wc11-extensions]
  union {
  ^
C:/Users/kerol/AppData/Local/Arm/Packs/Keil/TM4C_DFP/1.1.0/Device/Include/TM4C123/TM4C123GH6PM.h(1251): warning: anonymous unions are a C11 extension [-Wc11-extensions]
  union {
  ^
RTE/Device/TM4C123GH6PM/system_TM4C123.c(19): warning: // comments are not allowed in this language [-Wcomment]
//-------- <<< Use Configuration Wizard in Context Menu >>> ------------------
^
45 warnings generated.
compiling system_TM4C123.c...
linking...
Program Size: Code=6410 RO-data=646 RW-data=0 ZI-data=616  
".\Objects\LED_Blinking.axf" - 0 Error(s), 72 Warning(s).

<h2>Software Packages used:</h2>

Package Vendor: ARM
                http://www.keil.com/pack/ARM.CMSIS.5.9.0.pack
                ARM.CMSIS.5.9.0
                CMSIS (Common Microcontroller Software Interface Standard)
   * Component: CORE Version: 5.6.0

Package Vendor: Keil
                http://www.keil.com/pack/Keil.TM4C_DFP.1.1.0.pack
                Keil.TM4C_DFP.1.1.0
                Texas Instruments Tiva C Series Device Support and Examples
   * Component: Startup Version: 1.0.1

<h2>Collection of Component include folders:</h2>
  ./RTE/_Target_1
  C:/Users/kerol/AppData/Local/Arm/Packs/ARM/CMSIS/5.9.0/CMSIS/Core/Include
  C:/Users/kerol/AppData/Local/Arm/Packs/Keil/TM4C_DFP/1.1.0/Device/Include/TM4C123

<h2>Collection of Component Files used:</h2>

   * Component: ARM::CMSIS:CORE:5.6.0

   * Component: Keil::Device:Startup:1.0.1
      Source file:   Device/Source/system_TM4C123.c
      Include file:  Device/Include/TM4C123/TM4C123.h
      Source file:   Device/Source/ARM/startup_TM4C123.s
Build Time Elapsed:  00:00:02
</pre>
</body>
</html>
